C:\Users\Clayton Schrumpf\Java-Bullet-Hell\java-bullet-hell\src\main\java\edu\neumont\hellraisers\javabullethell\ui\OptionView.java
C:\Users\Clayton Schrumpf\Java-Bullet-Hell\java-bullet-hell\src\main\java\edu\neumont\hellraisers\javabullethell\model\Board.java
C:\Users\Clayton Schrumpf\Java-Bullet-Hell\java-bullet-hell\src\main\java\edu\neumont\hellraisers\javabullethell\model\EnemyType.java
C:\Users\Clayton Schrumpf\Java-Bullet-Hell\java-bullet-hell\src\main\java\edu\neumont\hellraisers\javabullethell\model\Entity.java
C:\Users\Clayton Schrumpf\Java-Bullet-Hell\java-bullet-hell\src\main\java\edu\neumont\hellraisers\javabullethell\ui\EndView.java
C:\Users\Clayton Schrumpf\Java-Bullet-Hell\java-bullet-hell\src\main\java\edu\neumont\hellraisers\javabullethell\model\Coordinate.java
C:\Users\Clayton Schrumpf\Java-Bullet-Hell\java-bullet-hell\src\main\java\edu\neumont\hellraisers\javabullethell\ui\GameView.java
C:\Users\Clayton Schrumpf\Java-Bullet-Hell\java-bullet-hell\src\main\java\edu\neumont\hellraisers\javabullethell\model\Player.java
C:\Users\Clayton Schrumpf\Java-Bullet-Hell\java-bullet-hell\src\main\java\edu\neumont\hellraisers\javabullethell\model\ProjectileType.java
C:\Users\Clayton Schrumpf\Java-Bullet-Hell\java-bullet-hell\src\main\java\edu\neumont\hellraisers\javabullethell\model\Projectile.java
C:\Users\Clayton Schrumpf\Java-Bullet-Hell\java-bullet-hell\src\main\java\edu\neumont\hellraisers\javabullethell\GameController.java
C:\Users\Clayton Schrumpf\Java-Bullet-Hell\java-bullet-hell\src\main\java\edu\neumont\hellraisers\javabullethell\GameStart.java
C:\Users\Clayton Schrumpf\Java-Bullet-Hell\java-bullet-hell\src\main\java\edu\neumont\hellraisers\javabullethell\model\Enemy.java
C:\Users\Clayton Schrumpf\Java-Bullet-Hell\java-bullet-hell\src\main\java\edu\neumont\hellraisers\javabullethell\ui\MainView.java
C:\Users\Clayton Schrumpf\Java-Bullet-Hell\java-bullet-hell\src\main\java\edu\neumont\hellraisers\javabullethell\model\Direction.java
C:\Users\Clayton Schrumpf\Java-Bullet-Hell\java-bullet-hell\src\main\java\edu\neumont\hellraisers\javabullethell\model\FireEventListener.java
C:\Users\Clayton Schrumpf\Java-Bullet-Hell\java-bullet-hell\src\main\java\edu\neumont\hellraisers\javabullethell\model\SceneSelection.java
C:\Users\Clayton Schrumpf\Java-Bullet-Hell\java-bullet-hell\src\main\java\edu\neumont\hellraisers\javabullethell\ui\MainMenuView.java
